// Jest Snapshot v1, https://goo.gl/fbAQLP

exports[`should render expense list item with an expense 1`] = `
<div>
  <Link
    replace={false}
    to="/edit/2"
  >
    <h3>
       
      Rent
       
    </h3>
  </Link>
  <p>
    $1,088.00
    -
    27th December 1969
  </p>
</div>
`;
